%!Adobe-FontList 1.14
%Locale:0x409

%BeginFont
Handler:DirectoryHandler
FontType:Type1
FontName:SVN-PoppinsBlackItalic
FamilyName:SVN-Poppins
StyleName:Black Italic
FullName:SVN-Poppins Black Italic
MenuName:SVN-Poppins Black
StyleBits:1
WritingScript:Roman
OutlineFileName:C:\Users\binhd\OneDrive\Desktop\FilePSD1\FilePSD\queenwatches\Font\SVN-Poppins Black Italic.otf
DataFormat:sfntData
UsesStandardEncoding:yes
isCFF:yes
FileLength:121404
FileModTime:1538406798
WeightClass:900
WidthClass:5
AngleClass:1
%EndFont

%BeginFont
Handler:DirectoryHandler
FontType:Type1
FontName:SVN-PoppinsBlack
FamilyName:SVN-Poppins
StyleName:Black
FullName:SVN-Poppins Black
MenuName:SVN-Poppins Black
StyleBits:0
WritingScript:Roman
OutlineFileName:C:\Users\binhd\OneDrive\Desktop\FilePSD1\FilePSD\queenwatches\Font\SVN-Poppins Black.otf
DataFormat:sfntData
UsesStandardEncoding:yes
isCFF:yes
FileLength:127620
FileModTime:1538406878
WeightClass:900
WidthClass:5
AngleClass:0
%EndFont

%BeginFont
Handler:DirectoryHandler
FontType:Type1
FontName:SVN-PoppinsBoldItalic
FamilyName:SVN-Poppins
StyleName:Bold Italic
FullName:SVN-Poppins Bold Italic
MenuName:SVN-Poppins
StyleBits:3
WritingScript:Roman
OutlineFileName:C:\Users\binhd\OneDrive\Desktop\FilePSD1\FilePSD\queenwatches\Font\SVN-Poppins Bold Italic.otf
DataFormat:sfntData
UsesStandardEncoding:yes
isCFF:yes
FileLength:129048
FileModTime:1538450612
WeightClass:700
WidthClass:5
AngleClass:1
%EndFont

%BeginFont
Handler:DirectoryHandler
FontType:Type1
FontName:SVN-PoppinsBold
FamilyName:SVN-Poppins
StyleName:Bold
FullName:SVN-Poppins Bold
MenuName:SVN-Poppins
StyleBits:2
WritingScript:Roman
OutlineFileName:C:\Users\binhd\OneDrive\Desktop\FilePSD1\FilePSD\queenwatches\Font\SVN-Poppins Bold.otf
DataFormat:sfntData
UsesStandardEncoding:yes
isCFF:yes
FileLength:135168
FileModTime:1538715706
WeightClass:700
WidthClass:5
AngleClass:0
%EndFont

%BeginFont
Handler:DirectoryHandler
FontType:Type1
FontName:SVN-PoppinsExtraBoldItalic
FamilyName:SVN-Poppins
StyleName:ExtraBold Italic
FullName:SVN-Poppins ExtraBold Italic
MenuName:SVN-Poppins ExtraBold
StyleBits:1
WritingScript:Roman
OutlineFileName:C:\Users\binhd\OneDrive\Desktop\FilePSD1\FilePSD\queenwatches\Font\SVN-Poppins ExtraBold Italic.otf
DataFormat:sfntData
UsesStandardEncoding:yes
isCFF:yes
FileLength:129216
FileModTime:1538487524
WeightClass:800
WidthClass:5
AngleClass:1
%EndFont

%BeginFont
Handler:DirectoryHandler
FontType:Type1
FontName:SVN-PoppinsExtraBold
FamilyName:SVN-Poppins
StyleName:ExtraBold
FullName:SVN-Poppins ExtraBold
MenuName:SVN-Poppins ExtraBold
StyleBits:0
WritingScript:Roman
OutlineFileName:C:\Users\binhd\OneDrive\Desktop\FilePSD1\FilePSD\queenwatches\Font\SVN-Poppins ExtraBold.otf
DataFormat:sfntData
UsesStandardEncoding:yes
isCFF:yes
FileLength:132040
FileModTime:1538465414
WeightClass:800
WidthClass:5
AngleClass:0
%EndFont

%BeginFont
Handler:DirectoryHandler
FontType:Type1
FontName:SVN-PoppinsExtraLightItalic
FamilyName:SVN-Poppins
StyleName:ExtraLight Italic
FullName:SVN-Poppins ExtraLight Italic
MenuName:SVN-Poppins ExtraLight
StyleBits:1
WritingScript:Roman
OutlineFileName:C:\Users\binhd\OneDrive\Desktop\FilePSD1\FilePSD\queenwatches\Font\SVN-Poppins ExtraLight Italic.otf
DataFormat:sfntData
UsesStandardEncoding:yes
isCFF:yes
FileLength:121268
FileModTime:1538465564
WeightClass:200
WidthClass:5
AngleClass:1
%EndFont

%BeginFont
Handler:DirectoryHandler
FontType:Type1
FontName:SVN-PoppinsExtraLight
FamilyName:SVN-Poppins
StyleName:ExtraLight
FullName:SVN-Poppins ExtraLight
MenuName:SVN-Poppins ExtraLight
StyleBits:0
WritingScript:Roman
OutlineFileName:C:\Users\binhd\OneDrive\Desktop\FilePSD1\FilePSD\queenwatches\Font\SVN-Poppins ExtraLight.otf
DataFormat:sfntData
UsesStandardEncoding:yes
isCFF:yes
FileLength:120296
FileModTime:1538465594
WeightClass:200
WidthClass:5
AngleClass:0
%EndFont

%BeginFont
Handler:DirectoryHandler
FontType:Type1
FontName:SVN-PoppinsItalic
FamilyName:SVN-Poppins
StyleName:Italic
FullName:SVN-Poppins Italic
MenuName:SVN-Poppins
StyleBits:1
WritingScript:Roman
OutlineFileName:C:\Users\binhd\OneDrive\Desktop\FilePSD1\FilePSD\queenwatches\Font\SVN-Poppins Italic.otf
DataFormat:sfntData
UsesStandardEncoding:yes
isCFF:yes
FileLength:126884
FileModTime:1538405794
WeightClass:400
WidthClass:5
AngleClass:1
%EndFont

%BeginFont
Handler:DirectoryHandler
FontType:Type1
FontName:SVN-PoppinsLightItalic
FamilyName:SVN-Poppins
StyleName:Light Italic
FullName:SVN-Poppins Light Italic
MenuName:SVN-Poppins Light
StyleBits:1
WritingScript:Roman
OutlineFileName:C:\Users\binhd\OneDrive\Desktop\FilePSD1\FilePSD\queenwatches\Font\SVN-Poppins Light Italic.otf
DataFormat:sfntData
UsesStandardEncoding:yes
isCFF:yes
FileLength:124492
FileModTime:1538465512
WeightClass:300
WidthClass:5
AngleClass:1
%EndFont

%BeginFont
Handler:DirectoryHandler
FontType:Type1
FontName:SVN-PoppinsLight
FamilyName:SVN-Poppins
StyleName:Light
FullName:SVN-Poppins Light
MenuName:SVN-Poppins Light
StyleBits:0
WritingScript:Roman
OutlineFileName:C:\Users\binhd\OneDrive\Desktop\FilePSD1\FilePSD\queenwatches\Font\SVN-Poppins Light.otf
DataFormat:sfntData
UsesStandardEncoding:yes
isCFF:yes
FileLength:124220
FileModTime:1538465968
WeightClass:300
WidthClass:5
AngleClass:0
%EndFont

%BeginFont
Handler:DirectoryHandler
FontType:Type1
FontName:SVN-PoppinsMediumItalic
FamilyName:SVN-Poppins
StyleName:Medium Italic
FullName:SVN-Poppins Medium Italic
MenuName:SVN-Poppins Medium
StyleBits:1
WritingScript:Roman
OutlineFileName:C:\Users\binhd\OneDrive\Desktop\FilePSD1\FilePSD\queenwatches\Font\SVN-Poppins Medium Italic.otf
DataFormat:sfntData
UsesStandardEncoding:yes
isCFF:yes
FileLength:126132
FileModTime:1538405906
WeightClass:500
WidthClass:5
AngleClass:1
%EndFont

%BeginFont
Handler:DirectoryHandler
FontType:Type1
FontName:SVN-PoppinsMedium
FamilyName:SVN-Poppins
StyleName:Medium
FullName:SVN-Poppins Medium
MenuName:SVN-Poppins Medium
StyleBits:0
WritingScript:Roman
OutlineFileName:C:\Users\binhd\OneDrive\Desktop\FilePSD1\FilePSD\queenwatches\Font\SVN-Poppins Medium.otf
DataFormat:sfntData
UsesStandardEncoding:yes
isCFF:yes
FileLength:126256
FileModTime:1538405990
WeightClass:500
WidthClass:5
AngleClass:0
%EndFont

%BeginFont
Handler:DirectoryHandler
FontType:Type1
FontName:SVN-Poppins
FamilyName:SVN-Poppins
StyleName:Regular
FullName:SVN-Poppins
MenuName:SVN-Poppins
StyleBits:0
WritingScript:Roman
OutlineFileName:C:\Users\binhd\OneDrive\Desktop\FilePSD1\FilePSD\queenwatches\Font\SVN-Poppins Regular.otf
DataFormat:sfntData
UsesStandardEncoding:yes
isCFF:yes
FileLength:126728
FileModTime:1538449740
WeightClass:400
WidthClass:5
AngleClass:0
%EndFont

%BeginFont
Handler:DirectoryHandler
FontType:Type1
FontName:SVN-PoppinsSemiBoldItalic
FamilyName:SVN-Poppins
StyleName:SemiBold Italic
FullName:SVN-Poppins SemiBold Italic
MenuName:SVN-Poppins SemiBold
StyleBits:1
WritingScript:Roman
OutlineFileName:C:\Users\binhd\OneDrive\Desktop\FilePSD1\FilePSD\queenwatches\Font\SVN-Poppins SemiBold Italic.otf
DataFormat:sfntData
UsesStandardEncoding:yes
isCFF:yes
FileLength:128088
FileModTime:1538406148
WeightClass:600
WidthClass:5
AngleClass:1
%EndFont

%BeginFont
Handler:DirectoryHandler
FontType:Type1
FontName:SVN-PoppinsSemiBold
FamilyName:SVN-Poppins
StyleName:SemiBold
FullName:SVN-Poppins SemiBold
MenuName:SVN-Poppins SemiBold
StyleBits:0
WritingScript:Roman
OutlineFileName:C:\Users\binhd\OneDrive\Desktop\FilePSD1\FilePSD\queenwatches\Font\SVN-Poppins SemiBold.otf
DataFormat:sfntData
UsesStandardEncoding:yes
isCFF:yes
FileLength:129752
FileModTime:1538406232
WeightClass:600
WidthClass:5
AngleClass:0
%EndFont

%BeginFont
Handler:DirectoryHandler
FontType:Type1
FontName:SVN-PoppinsThinItalic
FamilyName:SVN-Poppins
StyleName:Thin Italic
FullName:SVN-Poppins Thin Italic
MenuName:SVN-Poppins Thin
StyleBits:1
WritingScript:Roman
OutlineFileName:C:\Users\binhd\OneDrive\Desktop\FilePSD1\FilePSD\queenwatches\Font\SVN-Poppins Thin Italic.otf
DataFormat:sfntData
UsesStandardEncoding:yes
isCFF:yes
FileLength:115692
FileModTime:1538465634
WeightClass:100
WidthClass:5
AngleClass:1
%EndFont

%BeginFont
Handler:DirectoryHandler
FontType:Type1
FontName:SVN-PoppinsThin
FamilyName:SVN-Poppins
StyleName:Thin
FullName:SVN-Poppins Thin
MenuName:SVN-Poppins Thin
StyleBits:0
WritingScript:Roman
OutlineFileName:C:\Users\binhd\OneDrive\Desktop\FilePSD1\FilePSD\queenwatches\Font\SVN-Poppins Thin.otf
DataFormat:sfntData
UsesStandardEncoding:yes
isCFF:yes
FileLength:108764
FileModTime:1538465674
WeightClass:100
WidthClass:5
AngleClass:0
%EndFont

